                                       
                                                                       ⣶⣄⠀⠀⢀⠀⠀⠀⠀⠀⠀⠀⠀⠀⠀⠀⠀
 █████                ███████████  █████   █████████              ⠀⠀⠀⠀⢸⣿⣿⣷⣴⣿⡄⠀⠀⠀⠀⠀⢀⡀⠀⠀⠀
░░███                ░░███░░░░░███░░███   ███░░░░░███     ███    ⠀⠀⠀⠀⠰⣶⣾⣿⣿⣿⣿⣿⡇⠀⢠⣷⣤⣶⣿⡇⠀⠀⠀⠀⠀
 ░███         ██████  ░███    ░███ ░███  ███     ░░░     ░███     ⠀⠀  ⠙⣿⣿⣿⣿⣿⣿⣿⣀⣿⣿⣿⣿⣿⣧⣀⠀⠀⠀
 ░███        ███░░███ ░██████████  ░███ ░███          ███████████  ⣷⣦⣀⠘⣿⣿⣿⣿⣿⣿⣿⣿⣿⣿⣿⣿⣿⠃⠀
 ░███       ░███████  ░███░░░░░░   ░███ ░███         ░░░░░███░░░ ⢲⣿⣿⣿⣿⣿⣿⣿⣿⣿⣿⣿⣿⣿⣿⣿⣿⣿⡿⠁⠀⠀
 ░███      █░███░░░   ░███         ░███ ░░███     ███    ░███   ⠀ ⠙⣿⣿⣿⣿⣿⣿⣿⣿⣿⣿⣿⣿⣿⣿⣿⡟⠁⠀
 ███████████░░██████  █████        █████ ░░█████████     ░░░    ⠀⠀⠚⠻⢿⣿⣿⣿⣿⣿⣿⣿⣿⣿⣿⣿⡿⠿⠿⠂⠀⠀
░░░░░░░░░░░  ░░░░░░  ░░░░░        ░░░░░   ░░░░░░░░░           ⠀⠀⠀⠀⠀⠀⠉⠙⢻⣿⣿⡿⠛⠉⡇⠀⠀⠀⠀⠀⠀⠀
                                                                        ⠋⠁⠀⠀⠸⡄⠀⠀⠀⠀⠀⠀⠀⠀⠀
                                Laplace Explicit Particle-In-Cell code   
                                        (Modular Object-Oriented Edition)
                                     
  + + + + + + + + + + + + + + + + + + + + + + + + + + + + + + + + + + + + + 
  +                                                                            +
  +     3D explicit parallel particle in cell code                             +
  +                                                                            +
  +   LePIC 3D algorithm version: 3.3.6.2                                      +
  +   Last modifications: Sep/2024                                             +
  +                                                                            +
  +   Copyright or © or Copr. Gwenael Fubiani (2022/11/22)                     +
  +                                                                            +
  +   gwenael.fubiani@cnrs.fr                                                  +
  +                                                                            +
  +   This software is a computer program whose purpose is to model low        +
  +   temperature plasmas with a Particle-In-Cell algorihm in 3D-3V            +
  +   dimensions.                                                              +
  +                                                                            +
  +   This software is governed by the CeCILL-C license under French law and   +
  +   abiding by the rules of distribution of free software.  You can  use,    +
  +   modify and/ or redistribute the software under the terms of the CeCILL-C +
  +   license as circulated by CEA, CNRS and INRIA at the following URL        +
  +   "http://www.cecill.info".                                                +
  +                                                                            +
  +   As a counterpart to the access to the source code and  rights to copy,   +
  +   modify and redistribute granted by the license, users are provided only  +
  +   with a limited warranty and the software's author, the holder of the     +
  +   economic rights,  and the successive licensors  have only  limited       +
  +   liability.                                                               +
  +                                                                            +
  +   In this respect, the user's attention is drawn to the risks associated   +
  +   with loading,  using,  modifying and/or developing or reproducing the    +
  +   software by the user in light of its specific status of free software,   +
  +   that may mean  that it is complicated to manipulate,  and  that  also    +
  +   therefore means  that it is reserved for developers  and  experienced    +
  +   professionals having in-depth computer knowledge. Users are therefore    +
  +   encouraged to load and test the software's suitability as regards their  +
  +   requirements in conditions enabling the security of their systems and/or +
  +   data to be ensured and,  more generally, to use and operate it in the    +
  +   same conditions as regards security.                                     +
  +                                                                            +
  +   The fact that you are presently reading this means that you have had     +
  +   knowledge of the CeCILL-C license and that you accept its terms.         +
  +                                                                            +
   + + + + + + + + + + + + + + + + + + + + + + + + + + + + + + + + + + + + + + 
                                                  
Input file was read correctly ...
Gas chemistry read correctly (end of file reached)
  
Initializing chemistry/reactions...
3 species:  (2 charged and 1 neutral)
[e]    [H+]   [H]                                                    
Total number of reactions: 1
   
  
Building boundary...
n = 128 32 32
h(m) =   7.8125E-04   7.8125E-04   7.8125E-04
box(m) =   1.0000E-01   2.5000E-02   2.5000E-02
Sg(m^2) =   6.2500E-04
flags(pbc,pbcz,nmn,die) = 1 0 0 0
   
Frequency of calls to MC collision subroutine = 10
Frequency of calls to Coulomb collision subroutine = 1
Frequency of calls to electron (Maxwellian) heating subroutine= 4
Frequency of calls to sort subroutine= 10
Frequency of averaging= 50
  
Loading particles...
species 1: 2621440
species 2: 2621440
  
  
>>> Entering the PIC loop <<<
  
 
 
 TIME STEP 1 -->    0.000 us
 -------------------------
 Particles diagnostics: 
 npart [e]    = 2621440
 npart [H+]   = 2621440
 ===== MODULAR DIAGNOSTIC it =            1 =====
 phi min/max/sum =    0.000000000000000E+00   0.000000000000000E+00   0.000000000000000E+00
 ===========================================
 -------------------------
 Power diagnostics: 
 Pwall (W)  =   0.00E+00
 Pabs  (W)  =   0.00E+00
 Pcoll (W)  =   0.00E+00
 Pinj  (W)  =   0.00E+00
 I_w  (A)  =   0.00E+00  0.00E+00
 Ek_w (eV) =   0.00E+00  0.00E+00
 -------------------------
  
   
 MOD_NPMX ttype= 1 np_mx=  4.0373E+14
 MOD_NPMX ttype= 2 np_mx=  4.0604E+14
 MOD_NPMX ttype= 3 np_mx=  1.0000E+20
 Accepted collision reactions:
 reaction    1 accepted =         1289
 ----- mod_collisionsGwenael debug diagnostics -----
 ----------------------------------------------------
 
 
 TIME STEP 21 -->    0.004 us
 -------------------------
 Particles diagnostics: 
 npart [e]    = 2570900
 npart [H+]   = 2622490
 ===== MODULAR DIAGNOSTIC it =           21 =====
 phi min/max/sum =    0.000000000000000E+00   8.355841438348323E+00   1.065591350151900E+06
 ===========================================
 -------------------------
 Power diagnostics: 
 Pwall (W)  =  -1.44E-01
 Pabs  (W)  =   0.00E+00
 Pcoll (W)  =  -5.74E-03
 Pinj  (W)  =   0.00E+00
 I_w  (A)  =  -1.47E-02  6.80E-05
 Ek_w (eV) =   9.80E+00  2.18E-01
 -------------------------
 Timing diagnostics: 
 E/rho      (ms) =     6.4
 poisson    (ms) =    30.3
 sorting    (ms) =    34.0
 avg/write  (ms) =     4.3
 MC         (ms) =     0.2
 mover      (ms) =   263.4
 bck        (ms) =     0.0
 total      (ms) =   339.2
 -------------------------
 ----- poisson timing breakdown -----
  scatter(ms)=    0.44  solve(ms)=   28.82  gather(ms)=    0.19
  k_it_avg=    5.65  k_it_max=    6.00  res_avg=  6.99E-08
 -------------------------------------
 ----- mover / deposit timing breakdown -----
  mover_push(ms)=  207.47  mover_bc(ms)=    0.00
  dep_clear(ms)=    0.00  dep_loop(ms)=   55.90  dep_reduce(ms)=    5.22
 ----- OMP load imbalance across iproc (min/avg/max, max/avg ratio) -----
  mover_push(ms) min=    0.00 avg=   51.87 max=  207.47 max/avg= 4.000
  dep_loop(ms)   min=    0.21 avg=   14.13 max=   55.90 max/avg= 3.955
 ---------------------------------------------
  
   
 Accepted collision reactions:
 reaction    1 accepted =         1256
 ----- mod_collisionsGwenael debug diagnostics -----
 ----------------------------------------------------
 
 
 TIME STEP 41 -->    0.007 us
 -------------------------
 Particles diagnostics: 
 npart [e]    = 2554791
 npart [H+]   = 2623387
 ===== MODULAR DIAGNOSTIC it =           41 =====
 phi min/max/sum =    0.000000000000000E+00   7.988354923457628E+00   9.834023231058286E+05
 ===========================================
 -------------------------
 Power diagnostics: 
 Pwall (W)  =  -4.69E-02
 Pabs  (W)  =   0.00E+00
 Pcoll (W)  =  -5.59E-03
 Pinj  (W)  =   0.00E+00
 I_w  (A)  =  -4.94E-03  1.02E-04
 Ek_w (eV) =   9.50E+00  2.45E-01
 -------------------------
 Timing diagnostics: 
 E/rho      (ms) =     6.2
 poisson    (ms) =    29.3
 sorting    (ms) =    17.3
 avg/write  (ms) =     0.6
 MC         (ms) =     0.2
 mover      (ms) =   238.5
 bck        (ms) =     0.0
 total      (ms) =   292.7
 -------------------------
 ----- poisson timing breakdown -----
  scatter(ms)=    0.38  solve(ms)=   28.12  gather(ms)=    0.11
  k_it_avg=    5.75  k_it_max=    6.00  res_avg=  4.91E-08
 -------------------------------------
 ----- mover / deposit timing breakdown -----
  mover_push(ms)=  188.44  mover_bc(ms)=    0.00
  dep_clear(ms)=    0.00  dep_loop(ms)=   50.04  dep_reduce(ms)=    5.13
 ----- OMP load imbalance across iproc (min/avg/max, max/avg ratio) -----
  mover_push(ms) min=    0.00 avg=   47.11 max=  188.44 max/avg= 4.000
  dep_loop(ms)   min=    0.20 avg=   12.66 max=   50.04 max/avg= 3.951
 ---------------------------------------------
  
   
 Accepted collision reactions:
 reaction    1 accepted =         1202
 ----- mod_collisionsGwenael debug diagnostics -----
 ----------------------------------------------------
 
 
 TIME STEP 61 -->    0.011 us
 -------------------------
 Particles diagnostics: 
 npart [e]    = 2542768
 npart [H+]   = 2623998
 ===== MODULAR DIAGNOSTIC it =           61 =====
 phi min/max/sum =    0.000000000000000E+00   1.156599607758848E+01   1.513008232916755E+06
 ===========================================
 -------------------------
 Power diagnostics: 
 Pwall (W)  =  -3.76E-02
 Pabs  (W)  =   0.00E+00
 Pcoll (W)  =  -5.35E-03
 Pinj  (W)  =   0.00E+00
 I_w  (A)  =  -3.76E-03  1.68E-04
 Ek_w (eV) =   9.99E+00  3.07E-01
 -------------------------
 Timing diagnostics: 
 E/rho      (ms) =     6.2
 poisson    (ms) =    29.5
 sorting    (ms) =    17.2
 avg/write  (ms) =     2.9
 MC         (ms) =     0.2
 mover      (ms) =   236.9
 bck        (ms) =     0.0
 total      (ms) =   293.6
 -------------------------
 ----- poisson timing breakdown -----
  scatter(ms)=    0.38  solve(ms)=   28.29  gather(ms)=    0.11
  k_it_avg=    5.70  k_it_max=    6.00  res_avg=  5.86E-08
 -------------------------------------
 ----- mover / deposit timing breakdown -----
  mover_push(ms)=  187.06  mover_bc(ms)=    0.00
  dep_clear(ms)=    0.00  dep_loop(ms)=   49.88  dep_reduce(ms)=    5.14
 ----- OMP load imbalance across iproc (min/avg/max, max/avg ratio) -----
  mover_push(ms) min=    0.00 avg=   46.77 max=  187.06 max/avg= 4.000
  dep_loop(ms)   min=    0.20 avg=   12.63 max=   49.88 max/avg= 3.951
 ---------------------------------------------
  
   
 Accepted collision reactions:
 reaction    1 accepted =         1131
 ----- mod_collisionsGwenael debug diagnostics -----
 ----------------------------------------------------
 
 
 TIME STEP 81 -->    0.014 us
 -------------------------
 Particles diagnostics: 
 npart [e]    = 2535454
 npart [H+]   = 2624245
 ===== MODULAR DIAGNOSTIC it =           81 =====
 phi min/max/sum =    0.000000000000000E+00   1.101568592166822E+01   1.419800143726110E+06
 ===========================================
 -------------------------
 Power diagnostics: 
 Pwall (W)  =  -2.38E-02
 Pabs  (W)  =   0.00E+00
 Pcoll (W)  =  -5.03E-03
 Pinj  (W)  =   0.00E+00
 I_w  (A)  =  -2.40E-03  2.51E-04
 Ek_w (eV) =   9.87E+00  4.29E-01
 -------------------------
 Timing diagnostics: 
 E/rho      (ms) =     6.2
 poisson    (ms) =    29.3
 sorting    (ms) =    17.2
 avg/write  (ms) =     0.7
 MC         (ms) =     0.2
 mover      (ms) =   236.5
 bck        (ms) =     0.0
 total      (ms) =   290.8
 -------------------------
 ----- poisson timing breakdown -----
  scatter(ms)=    0.38  solve(ms)=   28.14  gather(ms)=    0.11
  k_it_avg=    5.75  k_it_max=    6.00  res_avg=  4.91E-08
 -------------------------------------
 ----- mover / deposit timing breakdown -----
  mover_push(ms)=  186.68  mover_bc(ms)=    0.00
  dep_clear(ms)=    0.00  dep_loop(ms)=   49.80  dep_reduce(ms)=    5.14
 ----- OMP load imbalance across iproc (min/avg/max, max/avg ratio) -----
  mover_push(ms) min=    0.00 avg=   46.67 max=  186.68 max/avg= 4.000
  dep_loop(ms)   min=    0.20 avg=   12.60 max=   49.80 max/avg= 3.951
 ---------------------------------------------
  
   
