
real	11m45.004s
user	0m0.014s
sys	0m0.036s

scontrol show job 1581293
JobId=1581293 JobName=runParallel.sh
   UserId=deguire1(3121383) GroupId=deguire1(3121383) MCS_label=N/A
   Priority=2086996 Nice=0 Account=def-tobi QOS=normal
   JobState=COMPLETING Reason=None Dependency=(null)
   Requeue=0 Restarts=0 BatchFlag=1 Reboot=0 ExitCode=0:0
   RunTime=00:11:50 TimeLimit=03:01:00 TimeMin=N/A
   SubmitTime=2026-05-15T13:46:55 EligibleTime=2026-05-15T13:46:55
   AccrueTime=2026-05-15T13:46:55
   StartTime=2026-05-15T13:46:56 EndTime=2026-05-15T13:58:46 Deadline=N/A
   SuspendTime=None SecsPreSuspend=0 LastSchedEval=2026-05-15T13:46:56 Scheduler=Main
   Partition=compute AllocNode:Sid=tri-login06:1575166
   ReqNodeList=(null) ExcNodeList=(null)
   NodeList=tri1111
   BatchHost=tri1111
   NumNodes=1 NumCPUs=192 NumTasks=1 CPUs/Task=1 ReqB:S:C:T=0:0:*:*
   ReqTRES=cpu=1,mem=767000M,node=1,billing=1
   AllocTRES=cpu=192,mem=767000M,node=1,billing=192
   Socks/Node=* NtasksPerN:B:S:C=1:0:*:* CoreSpec=*
   MinCPUsNode=1 MinMemoryNode=767000M MinTmpDiskNode=0
   Features=(null) DelayBoot=00:00:00
   OverSubscribe=NO Contiguous=0 Licenses=(null) LicensesAlloc=(null) Network=(null)
   Command=/scratch/deguire1/EssaiTemporaire_LePIC_Module/runParallel.sh
   SubmitLine=SBATCH --comment /opt/slurm/bin/sbatch --export=NONE runParallel.sh --export=NONE runParallel.sh
   WorkDir=/scratch/deguire1/EssaiTemporaire_LePIC_Module
   Comment=/opt/slurm/bin/sbatch --export=NONE runParallel.sh
   StdErr=
   StdIn=/dev/null
   StdOut=/scratch/deguire1/EssaiTemporaire_LePIC_Module/slurm-1581293.out
   TresPerTask=cpu=1

sacct -j 1581293
JobID           JobName    Account    Elapsed  MaxVMSize     MaxRSS  SystemCPU    UserCPU ExitCode 
------------ ---------- ---------- ---------- ---------- ---------- ---------- ---------- -------- 
1581293      runParall+   def-tobi   00:11:50                         00:00:00   00:00:00      0:0 
1581293.bat+      batch   def-tobi   00:11:50                         00:00:00   00:00:00      0:0 
1581293.ext+     extern   def-tobi   00:11:50                         00:00:00   00:00:00      0:0 
1581293.0    hydra_bst+   def-tobi   00:11:50                         00:00:00   00:00:00      0:0 
1581293.1    hydra_bst+   def-tobi   00:11:50                         00:00:00   00:00:00      0:0 

