OMP_NUM_THREADS=8

scontrol show job 1618464
JobId=1618464 JobName=runParallel.sh
   UserId=deguire1(3121383) GroupId=deguire1(3121383) MCS_label=N/A
   Priority=1893262 Nice=0 Account=def-tobi QOS=normal
   JobState=COMPLETING Reason=None Dependency=(null)
   Requeue=0 Restarts=0 BatchFlag=1 Reboot=0 ExitCode=0:0
   RunTime=00:47:25 TimeLimit=02:26:00 TimeMin=N/A
   SubmitTime=2026-05-21T10:08:46 EligibleTime=2026-05-21T10:08:46
   AccrueTime=2026-05-21T10:08:46
   StartTime=2026-05-21T10:08:48 EndTime=2026-05-21T10:56:13 Deadline=N/A
   SuspendTime=None SecsPreSuspend=0 LastSchedEval=2026-05-21T10:08:48 Scheduler=Main
   Partition=compute AllocNode:Sid=tri-login04:6156
   ReqNodeList=(null) ExcNodeList=(null)
   NodeList=tri1028
   BatchHost=tri1028
   NumNodes=1 NumCPUs=192 NumTasks=1 CPUs/Task=8 ReqB:S:C:T=0:0:*:*
   ReqTRES=cpu=8,mem=767000M,node=1,billing=8
   AllocTRES=cpu=192,mem=767000M,node=1,billing=192
   Socks/Node=* NtasksPerN:B:S:C=1:0:*:* CoreSpec=*
   MinCPUsNode=8 MinMemoryNode=767000M MinTmpDiskNode=0
   Features=(null) DelayBoot=00:00:00
   OverSubscribe=NO Contiguous=0 Licenses=(null) LicensesAlloc=(null) Network=(null)
   Command=/scratch/deguire1/EssaiTemporaire_LePIC_Module/runParallel.sh
   SubmitLine=SBATCH --comment /opt/slurm/bin/sbatch --export=NONE runParallel.sh --export=NONE runParallel.sh
   WorkDir=/scratch/deguire1/EssaiTemporaire_LePIC_Module
   Comment=/opt/slurm/bin/sbatch --export=NONE runParallel.sh
   StdErr=
   StdIn=/dev/null
   StdOut=/scratch/deguire1/EssaiTemporaire_LePIC_Module/slurm-1618464.out
   TresPerTask=cpu=8

sacct -j 1618464
JobID           JobName    Account    Elapsed  MaxVMSize     MaxRSS  SystemCPU    UserCPU ExitCode 
------------ ---------- ---------- ---------- ---------- ---------- ---------- ---------- -------- 
1618464      runParall+   def-tobi   00:47:25                         00:00:00   00:00:00      0:0 
1618464.bat+      batch   def-tobi   00:47:25                         00:00:00   00:00:00      0:0 
1618464.ext+     extern   def-tobi   00:47:25                         00:00:00   00:00:00      0:0 
1618464.0    3dphpic.e+   def-tobi   00:47:20                         00:00:00   00:00:00      0:0 

