OMP_NUM_THREADS=32

scontrol show job 1600339
JobId=1600339 JobName=runParallel.sh
   UserId=deguire1(3121383) GroupId=deguire1(3121383) MCS_label=N/A
   Priority=2052582 Nice=0 Account=def-tobi QOS=normal
   JobState=COMPLETING Reason=None Dependency=(null)
   Requeue=0 Restarts=0 BatchFlag=1 Reboot=0 ExitCode=0:0
   RunTime=01:06:24 TimeLimit=03:01:00 TimeMin=N/A
   SubmitTime=2026-05-18T14:22:01 EligibleTime=2026-05-18T14:22:01
   AccrueTime=2026-05-18T14:22:01
   StartTime=2026-05-18T14:22:25 EndTime=2026-05-18T15:28:49 Deadline=N/A
   SuspendTime=None SecsPreSuspend=0 LastSchedEval=2026-05-18T14:22:25 Scheduler=Backfill
   Partition=compute AllocNode:Sid=tri-login03:3117742
   ReqNodeList=(null) ExcNodeList=(null)
   NodeList=tri0011
   BatchHost=tri0011
   NumNodes=1 NumCPUs=192 NumTasks=1 CPUs/Task=32 ReqB:S:C:T=0:0:*:*
   ReqTRES=cpu=32,mem=767000M,node=1,billing=32
   AllocTRES=cpu=192,mem=767000M,node=1,billing=192
   Socks/Node=* NtasksPerN:B:S:C=1:0:*:* CoreSpec=*
   MinCPUsNode=32 MinMemoryNode=767000M MinTmpDiskNode=0
   Features=(null) DelayBoot=00:00:00
   OverSubscribe=NO Contiguous=0 Licenses=(null) LicensesAlloc=(null) Network=(null)
   Command=/scratch/deguire1/EssaiTemporaire_LePIC_Module/runParallel.sh
   SubmitLine=SBATCH --comment /opt/slurm/bin/sbatch --export=NONE runParallel.sh --export=NONE runParallel.sh
   WorkDir=/scratch/deguire1/EssaiTemporaire_LePIC_Module
   Comment=/opt/slurm/bin/sbatch --export=NONE runParallel.sh
   StdErr=
   StdIn=/dev/null
   StdOut=/scratch/deguire1/EssaiTemporaire_LePIC_Module/slurm-1600339.out
   TresPerTask=cpu=32

sacct -j 1600339
JobID           JobName    Account    Elapsed  MaxVMSize     MaxRSS  SystemCPU    UserCPU ExitCode 
------------ ---------- ---------- ---------- ---------- ---------- ---------- ---------- -------- 
1600339      runParall+   def-tobi   01:06:24                         00:00:00   00:00:00      0:0 
1600339.bat+      batch   def-tobi   01:06:24                         00:00:00   00:00:00      0:0 
1600339.ext+     extern   def-tobi   01:06:24                         00:00:00   00:00:00      0:0 
1600339.0    3dphpic.e+   def-tobi   01:06:19                         00:00:00   00:00:00      0:0 

