OMP_NUM_THREADS=16

scontrol show job 1600001
JobId=1600001 JobName=runParallel.sh
   UserId=deguire1(3121383) GroupId=deguire1(3121383) MCS_label=N/A
   Priority=2062504 Nice=0 Account=def-tobi QOS=normal
   JobState=COMPLETING Reason=None Dependency=(null)
   Requeue=0 Restarts=0 BatchFlag=1 Reboot=0 ExitCode=0:0
   RunTime=00:06:42 TimeLimit=03:01:00 TimeMin=N/A
   SubmitTime=2026-05-18T13:19:13 EligibleTime=2026-05-18T13:19:13
   AccrueTime=2026-05-18T13:19:13
   StartTime=2026-05-18T13:19:24 EndTime=2026-05-18T13:26:06 Deadline=N/A
   SuspendTime=None SecsPreSuspend=0 LastSchedEval=2026-05-18T13:19:24 Scheduler=Backfill
   Partition=compute AllocNode:Sid=tri-login03:3117742
   ReqNodeList=(null) ExcNodeList=(null)
   NodeList=tri0619
   BatchHost=tri0619
   NumNodes=1 NumCPUs=192 NumTasks=1 CPUs/Task=16 ReqB:S:C:T=0:0:*:*
   ReqTRES=cpu=16,mem=767000M,node=1,billing=16
   AllocTRES=cpu=192,mem=767000M,node=1,billing=192
   Socks/Node=* NtasksPerN:B:S:C=1:0:*:* CoreSpec=*
   MinCPUsNode=16 MinMemoryNode=767000M MinTmpDiskNode=0
   Features=(null) DelayBoot=00:00:00
   OverSubscribe=NO Contiguous=0 Licenses=(null) LicensesAlloc=(null) Network=(null)
   Command=/scratch/deguire1/EssaiTemporaire_LePIC_Module/runParallel.sh
   SubmitLine=SBATCH --comment /opt/slurm/bin/sbatch --export=NONE runParallel.sh --export=NONE runParallel.sh
   WorkDir=/scratch/deguire1/EssaiTemporaire_LePIC_Module
   Comment=/opt/slurm/bin/sbatch --export=NONE runParallel.sh
   StdErr=
   StdIn=/dev/null
   StdOut=/scratch/deguire1/EssaiTemporaire_LePIC_Module/slurm-1600001.out
   TresPerTask=cpu=16

sacct -j 1600001
JobID           JobName    Account    Elapsed  MaxVMSize     MaxRSS  SystemCPU    UserCPU ExitCode 
------------ ---------- ---------- ---------- ---------- ---------- ---------- ---------- -------- 
1600001      runParall+   def-tobi   00:06:42                         00:00:00   00:00:00      0:0 
1600001.bat+      batch   def-tobi   00:06:42                         00:00:00   00:00:00      0:0 
1600001.ext+     extern   def-tobi   00:06:42                         00:00:00   00:00:00      0:0 
1600001.0    3dphpic.e+   def-tobi   00:06:32                         00:00:00   00:00:00      0:0 

