  
 Ions:
 [H2+]
 [H-]
  
 Neutrals:
 [H2]
 [H]
  
 Reactions:
  1 [e]+[H2+]->[e]+[H2+]               0.00
  2 [e]+[H2]->[e]+[H2]                 0.00
  3 [e]+[H2]->[e]+[H2]                 0.04
  4 [e]+[H2]->[e]+[H2]                 0.07
  5 [e]+[H2]->[e]+[H2]                 0.52
  6 [e]+[H2]->[e]+[H2]                 1.00
  7 [e]+[H2]->[e]+[H2]                 1.50
  8 [e]+[H2]->[e]+[H2]                 8.90
  9 [e]+[H2]->[e]+[H2]                11.30
 10 [e]+[H2]->[e]+[H2]                11.75
 11 [e]+[H2]->[e]+[H2]                11.80
 12 [e]+[H2]->[e]+[H2]                12.40
 13 [e]+[H2]->[e]+[H2]                14.00
 14 [e]+[H2]->[e]+[H2]                15.00
 15 [e]+[H2]->[e]+[H2]                15.20
 16 [e]+[H2]->[e]+[H2]                16.60
 17 [e]+[H2]->[e]+[H2+]+[e]           15.40
 18 [H2+]+[H2]->[H2+]+[H2]             0.00
 19 [e]+[H-]->[e]+[e]+[H2]             0.75
 20 [H-]+[H2]->[H-]+[H2]               0.00
 21 [H-]+[H2]->[H2]+[H2]+[e]           0.97
